// Jest Snapshot v1, https://goo.gl/fbAQLP

exports[`<Button /> should be able to onClick has called 1`] = `
<div>
  <button
    class="py-3.5 px-8 rounded-md border-2 group flex gap-3 justify-center items-center bg-green text-white hover:bg-green-light border-none undefined"
  >
    Add
  </button>
</div>
`;
